node : C:\Users\zzida\Desktop\znrba\app\node_modules\.bin\next:2
At line:1 char:41
+ ... a\Desktop\znrba\app" ; node node_modules/.bin/next build 2>&1 | Out-F ...
+                            ~~~~~~~~~~~~~~~~~~~~~~~~~~~~~~~~~~~~~~
    + CategoryInfo          : NotSpecified: (C:\Users\zzida\...les\.bin\next:2:String) [], RemoteException
    + FullyQualifiedErrorId : NativeCommandError
 
basedir=$(dirname "$(echo "$0" | sed -e 's,\\,/,g')")
          ^^^^^^^

SyntaxError: missing ) after argument list
    at wrapSafe (node:internal/modules/cjs/loader:1743:18)
    at Module._compile (node:internal/modules/cjs/loader:1786:20)
    at Object..js (node:internal/modules/cjs/loader:1943:10)
    at Module.load (node:internal/modules/cjs/loader:1533:32)
    at Module._load (node:internal/modules/cjs/loader:1335:12)
    at wrapModuleLoad (node:internal/modules/cjs/loader:255:19)
    at Module.executeUserEntryPoint [as runMain] (node:internal/modules/run_main:154:5)
    at node:internal/main/run_main_module:33:47

Node.js v24.14.0
